    libdis_test:     f3 0f c7 f8        rdpid  %eax
    libdis_test+0x4: f3 0f c7 fe        rdpid  %esi
